// Jest Snapshot v1, https://goo.gl/fbAQLP

exports[`should render AddExpensePage properly 1`] = `
<div>
  <h2>
    Expensify add expense page
  </h2>
  <ExpenseForm
    onSubmit={[Function]}
  />
</div>
`;
