// Jest Snapshot v1, https://goo.gl/fbAQLP

exports[`should render DashboardPage correctly 1`] = `
<div>
  <Connect(Component)
    filters={
      Object {
        "endDate": "1970-01-31T21:59:59.999Z",
        "name": "",
        "sortBy": 0,
        "startDate": "1969-12-31T22:00:00.000Z",
        "tags": Array [],
      }
    }
  />
</div>
`;
