// Jest Snapshot v1, https://goo.gl/fbAQLP

exports[`should render preloarder 1`] = `
<div
  className="preloader-container"
>
  <img
    src={[Function]}
  />
</div>
`;
